从 D:\backend\CampusActivityApi\CampusActivityApi\Properties\launchSettings.json 使用启动设置...
info: Microsoft.EntityFrameworkCore.Database.Command[20101]
      Executed DbCommand (8ms) [Parameters=[], CommandType='Text', CommandTimeout='30']
      SELECT 1
info: Microsoft.EntityFrameworkCore.Database.Command[20101]
      Executed DbCommand (118ms) [Parameters=[], CommandType='Text', CommandTimeout='30']
      
      IF EXISTS
          (SELECT *
           FROM [sys].[objects] o
           WHERE [o].[type] = 'U'
           AND [o].[is_ms_shipped] = 0
           AND NOT EXISTS (SELECT *
               FROM [sys].[extended_properties] AS [ep]
               WHERE [ep].[major_id] = [o].[object_id]
                   AND [ep].[minor_id] = 0
                   AND [ep].[class] = 1
                   AND [ep].[name] = N'microsoft_database_tools_support'
          )
      )
      SELECT 1 ELSE SELECT 0
fail: Microsoft.EntityFrameworkCore.Database.Command[20102]
      Failed executing DbCommand (9ms) [Parameters=[], CommandType='Text', CommandTimeout='30']
      IF OBJECT_ID(N'dbo.Activity', N'U') IS NOT NULL
   AND OBJECT_ID(N'dbo.CK_Activity_AuditStatus', N'C') IS NOT NULL
BEGIN
    ALTER TABLE [dbo].[Activity] DROP CONSTRAINT [CK_Activity_AuditStatus];
END

IF OBJECT_ID(N'dbo.Activity', N'U') IS NOT NULL
   AND OBJECT_ID(N'dbo.CK_Activity_AuditStatus', N'C') IS NULL
BEGIN
    ALTER TABLE [dbo].[Activity]
    ADD CONSTRAINT [CK_Activity_AuditStatus] CHECK ([AuditStatus] IN (0, 1, 2));
END
warn: CampusActivityApi[0]
      无法自动修复 Activity.AuditStatus 约束，请使用数据库管理员账号执行数据库修复脚本。
      Microsoft.Data.SqlClient.SqlException (0x80131904): 找不到对象“Activity”，因为它不存在或者你没有所需的权限。
         at Microsoft.Data.SqlClient.SqlConnection.OnError(SqlException exception, Boolean breakConnection, Action`1 wrapCloseInAction)
         at Microsoft.Data.SqlClient.SqlInternalConnection.OnError(SqlException exception, Boolean breakConnection, Action`1 wrapCloseInAction)
         at Microsoft.Data.SqlClient.TdsParser.ThrowExceptionAndWarning(TdsParserStateObject stateObj, Boolean callerHasConnectionLock, Boolean asyncClose)
         at Microsoft.Data.SqlClient.TdsParser.TryRun(RunBehavior runBehavior, SqlCommand cmdHandler, SqlDataReader dataStream, BulkCopySimpleResultSet bulkCopyHandler, TdsParserStateObject stateObj, Boolean& dataReady)
         at Microsoft.Data.SqlClient.SqlCommand.RunExecuteNonQueryTds(String methodName, Boolean isAsync, Int32 timeout, Boolean asyncWrite)
         at Microsoft.Data.SqlClient.SqlCommand.InternalExecuteNonQuery(TaskCompletionSource`1 completion, Boolean sendToPipe, Int32 timeout, Boolean& usedCache, Boolean asyncWrite, Boolean inRetry, String methodName)
         at Microsoft.Data.SqlClient.SqlCommand.ExecuteNonQuery()
         at Microsoft.EntityFrameworkCore.Storage.RelationalCommand.ExecuteNonQuery(RelationalCommandParameterObject parameterObject)
         at Microsoft.EntityFrameworkCore.RelationalDatabaseFacadeExtensions.ExecuteSqlRaw(DatabaseFacade databaseFacade, String sql, IEnumerable`1 parameters)
         at Microsoft.EntityFrameworkCore.RelationalDatabaseFacadeExtensions.ExecuteSqlRaw(DatabaseFacade databaseFacade, String sql, Object[] parameters)
         at Program.<Main>$(String[] args) in D:\backend\CampusActivityApi\CampusActivityApi\Program.cs:line 115
      ClientConnectionId:430db479-35dc-4cdf-a59c-19c5f868e73d
      Error Number:1088,State:13,Class:16
info: Microsoft.Hosting.Lifetime[14]
      Now listening on: http://127.0.0.1:5197
info: Microsoft.Hosting.Lifetime[0]
      Application started. Press Ctrl+C to shut down.
info: Microsoft.Hosting.Lifetime[0]
      Hosting environment: Development
info: Microsoft.Hosting.Lifetime[0]
      Content root path: D:\backend\CampusActivityApi\CampusActivityApi
